I'm sorry, but errors were detected in your script. Please correct the
errors listed below, and try again.


File "game/scripts/prologue.rpy", line 21: invalid syntax
    intimacyFlag++
    

Ren'Py Version: Ren'Py 8.0.3.22090809
Tue Mar 21 09:15:34 2023
